#-----------------------------------------------------------
# Vivado v2020.2 (64-bit)
# SW Build 3064766 on Wed Nov 18 09:12:45 MST 2020
# IP Build 3064653 on Wed Nov 18 14:17:31 MST 2020
# Start of session at: Thu Apr 29 20:59:17 2021
# Process ID: 12204
# Current directory: D:/malygit/Digital-electronics-1/Labs/project/project_1
# Command line: vivado.exe -gui_launcher_event rodinguilauncherevent11256 D:\malygit\Digital-electronics-1\Labs\project\project_1\project_1.xpr
# Log file: D:/malygit/Digital-electronics-1/Labs/project/project_1/vivado.log
# Journal file: D:/malygit/Digital-electronics-1/Labs/project/project_1\vivado.jou
#-----------------------------------------------------------
start_gui
open_project D:/malygit/Digital-electronics-1/Labs/project/project_1/project_1.xpr
update_compile_order -fileset sources_1
launch_simulation
source tb_state_machine.tcl
close_sim
launch_simulation
source tb_state_machine.tcl
relaunch_sim
relaunch_sim
relaunch_sim
relaunch_sim
relaunch_sim
current_wave_config {Untitled 2}
add_wave {{/tb_state_machine/uut_hooola/clk}} 
current_wave_config {Untitled 2}
add_wave {{/tb_state_machine/uut_hooola/s_cnt}} 
current_wave_config {Untitled 2}
add_wave {{/tb_state_machine/uut_hooola/s_state}} 
relaunch_sim
relaunch_sim
relaunch_sim
relaunch_sim
relaunch_sim
relaunch_sim
relaunch_sim
relaunch_sim
close_sim
set_property -name {xsim.simulate.runtime} -value {100ms} -objects [get_filesets sim_1]
launch_simulation
source tb_state_machine.tcl
relaunch_sim
relaunch_sim
relaunch_sim
relaunch_sim
relaunch_sim
relaunch_sim
relaunch_sim
relaunch_sim
relaunch_sim
relaunch_sim
relaunch_sim
relaunch_sim
close_sim
